---
http_interactions:
- request:
    method: get
    uri: https://raw.githubusercontent.com/paneq/active_reload/master/LICENSE.md
    body:
      encoding: US-ASCII
      string: ''
    headers:
      User-Agent:
      - https://www.VersionEye.com - https://twitter.com/VersionEye
      Accept-Encoding:
      - gzip;q=1.0,deflate;q=0.6,identity;q=0.3
      Accept:
      - "*/*"
  response:
    status:
      code: 404
      message: Not Found
    headers:
      Content-Security-Policy:
      - default-src 'none'; style-src 'unsafe-inline'
      Strict-Transport-Security:
      - max-age=31536000
      X-Content-Type-Options:
      - nosniff
      X-Frame-Options:
      - deny
      X-Xss-Protection:
      - 1; mode=block
      X-Github-Request-Id:
      - 6B16:785D:33FEBD3:35E4237:595FB97B
      Content-Length:
      - '15'
      Accept-Ranges:
      - bytes
      Date:
      - Fri, 07 Jul 2017 16:40:27 GMT
      Via:
      - 1.1 varnish
      Connection:
      - keep-alive
      X-Served-By:
      - cache-hhn1520-HHN
      X-Cache:
      - MISS
      X-Cache-Hits:
      - '0'
      X-Timer:
      - S1499445627.282779,VS0,VE118
      Vary:
      - Authorization,Accept-Encoding
      Access-Control-Allow-Origin:
      - "*"
      X-Fastly-Request-Id:
      - aaea20e81e82db20a4c333fd6d20099be1b53709
      Expires:
      - Fri, 07 Jul 2017 16:45:27 GMT
      Source-Age:
      - '0'
    body:
      encoding: UTF-8
      string: '404: Not Found

'
    http_version: 
  recorded_at: Fri, 07 Jul 2017 16:40:27 GMT
- request:
    method: get
    uri: https://raw.githubusercontent.com/paneq/active_reload/master/LICENSE.txt
    body:
      encoding: US-ASCII
      string: ''
    headers:
      User-Agent:
      - https://www.VersionEye.com - https://twitter.com/VersionEye
      Accept-Encoding:
      - gzip;q=1.0,deflate;q=0.6,identity;q=0.3
      Accept:
      - "*/*"
  response:
    status:
      code: 404
      message: Not Found
    headers:
      Content-Security-Policy:
      - default-src 'none'; style-src 'unsafe-inline'
      Strict-Transport-Security:
      - max-age=31536000
      X-Content-Type-Options:
      - nosniff
      X-Frame-Options:
      - deny
      X-Xss-Protection:
      - 1; mode=block
      X-Github-Request-Id:
      - B1CE:5A98:4FB5ED:536812:595FB97B
      Content-Length:
      - '15'
      Accept-Ranges:
      - bytes
      Date:
      - Fri, 07 Jul 2017 16:40:27 GMT
      Via:
      - 1.1 varnish
      Connection:
      - keep-alive
      X-Served-By:
      - cache-hhn1526-HHN
      X-Cache:
      - MISS
      X-Cache-Hits:
      - '0'
      X-Timer:
      - S1499445628.545798,VS0,VE116
      Vary:
      - Authorization,Accept-Encoding
      Access-Control-Allow-Origin:
      - "*"
      X-Fastly-Request-Id:
      - 5c78ff6b551143464271445b59e4fcefa59d9ef1
      Expires:
      - Fri, 07 Jul 2017 16:45:27 GMT
      Source-Age:
      - '0'
    body:
      encoding: UTF-8
      string: '404: Not Found

'
    http_version: 
  recorded_at: Fri, 07 Jul 2017 16:40:27 GMT
- request:
    method: get
    uri: https://raw.githubusercontent.com/paneq/active_reload/master/LICENSE
    body:
      encoding: US-ASCII
      string: ''
    headers:
      User-Agent:
      - https://www.VersionEye.com - https://twitter.com/VersionEye
      Accept-Encoding:
      - gzip;q=1.0,deflate;q=0.6,identity;q=0.3
      Accept:
      - "*/*"
  response:
    status:
      code: 200
      message: OK
    headers:
      Content-Security-Policy:
      - default-src 'none'; style-src 'unsafe-inline'
      Strict-Transport-Security:
      - max-age=31536000
      X-Content-Type-Options:
      - nosniff
      X-Frame-Options:
      - deny
      X-Xss-Protection:
      - 1; mode=block
      Etag:
      - '"89a2aa15914bdc3af2cb02b44b026d98ecab4f4a"'
      Content-Type:
      - text/plain; charset=utf-8
      Cache-Control:
      - max-age=300
      X-Geo-Block-List:
      - ''
      X-Github-Request-Id:
      - 2F96:785D:33FEC15:35E4264:595FB97B
      Content-Length:
      - '804'
      Accept-Ranges:
      - bytes
      Date:
      - Fri, 07 Jul 2017 16:40:27 GMT
      Via:
      - 1.1 varnish
      Connection:
      - keep-alive
      X-Served-By:
      - cache-hhn1535-HHN
      X-Cache:
      - MISS
      X-Cache-Hits:
      - '0'
      X-Timer:
      - S1499445628.816532,VS0,VE127
      Vary:
      - Authorization,Accept-Encoding
      Access-Control-Allow-Origin:
      - "*"
      X-Fastly-Request-Id:
      - b34a7ffb355adff94348a71835794f3c7340416f
      Expires:
      - Fri, 07 Jul 2017 16:45:27 GMT
      Source-Age:
      - '0'
    body:
      encoding: ASCII-8BIT
      string: |
        The library "Active Reload" is distributed under the BSD license.

        Copyright (c) 2011 Robert Pankowecki
        All rights reserved.

        Redistribution and use in source and binary forms, with or without
        modification, are permitted provided that the following conditions
        are met:
        1. Redistributions of source code must retain the above copyright
           notice, this list of conditions and the following disclaimer.
        2. Redistributions in binary form must reproduce the above copyright
           notice, this list of conditions and the following disclaimer in the
           documentation and/or other materials provided with the distribution.
        3. The name of the author may not be used to endorse or promote products
           derived from this software without specific prior written permission.

        THIS SOFTWARE IS PROVIDED BY THE AUTHOR ``AS IS'' AND ANY EXPRESS OR
        IMPLIED WARRANTIES, INCLUDING, BUT NOT LIMITED TO, THE IMPLIED WARRANTIES
        OF MERCHANTABILITY AND FITNESS FOR A PARTICULAR PURPOSE ARE DISCLAIMED.
        IN NO EVENT SHALL THE AUTHOR BE LIABLE FOR ANY DIRECT, INDIRECT,
        INCIDENTAL, SPECIAL, EXEMPLARY, OR CONSEQUENTIAL DAMAGES (INCLUDING, BUT
        NOT LIMITED TO, PROCUREMENT OF SUBSTITUTE GOODS OR SERVICES; LOSS OF USE,
        DATA, OR PROFITS; OR BUSINESS INTERRUPTION) HOWEVER CAUSED AND ON ANY
        THEORY OF LIABILITY, WHETHER IN CONTRACT, STRICT LIABILITY, OR TORT
        (INCLUDING NEGLIGENCE OR OTHERWISE) ARISING IN ANY WAY OUT OF THE USE OF
        THIS SOFTWARE, EVEN IF ADVISED OF THE POSSIBILITY OF SUCH DAMAGE.
    http_version: 
  recorded_at: Fri, 07 Jul 2017 16:40:27 GMT
recorded_with: VCR 3.0.3
