---
http_interactions:
- request:
    method: get
    uri: https://raw.githubusercontent.com/csswizardry/csscv/master/LICENSE.md
    body:
      encoding: US-ASCII
      string: ''
    headers:
      User-Agent:
      - https://www.VersionEye.com - https://twitter.com/VersionEye
      Accept-Encoding:
      - gzip;q=1.0,deflate;q=0.6,identity;q=0.3
      Accept:
      - "*/*"
  response:
    status:
      code: 404
      message: Not Found
    headers:
      Content-Security-Policy:
      - default-src 'none'; style-src 'unsafe-inline'
      Strict-Transport-Security:
      - max-age=31536000
      X-Content-Type-Options:
      - nosniff
      X-Frame-Options:
      - deny
      X-Xss-Protection:
      - 1; mode=block
      X-Github-Request-Id:
      - 750E:1B149:322F9C6:342F0B4:595FB976
      Content-Length:
      - '15'
      Accept-Ranges:
      - bytes
      Date:
      - Fri, 07 Jul 2017 16:40:22 GMT
      Via:
      - 1.1 varnish
      Connection:
      - keep-alive
      X-Served-By:
      - cache-hhn1521-HHN
      X-Cache:
      - MISS
      X-Cache-Hits:
      - '0'
      X-Timer:
      - S1499445622.306187,VS0,VE117
      Vary:
      - Authorization,Accept-Encoding
      Access-Control-Allow-Origin:
      - "*"
      X-Fastly-Request-Id:
      - 7ff798f1ef9faa2be5e9fb34d556ec5dde67e460
      Expires:
      - Fri, 07 Jul 2017 16:45:22 GMT
      Source-Age:
      - '0'
    body:
      encoding: UTF-8
      string: '404: Not Found

'
    http_version: 
  recorded_at: Fri, 07 Jul 2017 16:40:22 GMT
- request:
    method: get
    uri: https://raw.githubusercontent.com/csswizardry/csscv/master/LICENSE.txt
    body:
      encoding: US-ASCII
      string: ''
    headers:
      User-Agent:
      - https://www.VersionEye.com - https://twitter.com/VersionEye
      Accept-Encoding:
      - gzip;q=1.0,deflate;q=0.6,identity;q=0.3
      Accept:
      - "*/*"
  response:
    status:
      code: 404
      message: Not Found
    headers:
      Content-Security-Policy:
      - default-src 'none'; style-src 'unsafe-inline'
      Strict-Transport-Security:
      - max-age=31536000
      X-Content-Type-Options:
      - nosniff
      X-Frame-Options:
      - deny
      X-Xss-Protection:
      - 1; mode=block
      X-Github-Request-Id:
      - B1CE:5A98:4FB5B1:5367CF:595FB976
      Content-Length:
      - '15'
      Accept-Ranges:
      - bytes
      Date:
      - Fri, 07 Jul 2017 16:40:22 GMT
      Via:
      - 1.1 varnish
      Connection:
      - keep-alive
      X-Served-By:
      - cache-hhn1542-HHN
      X-Cache:
      - MISS
      X-Cache-Hits:
      - '0'
      X-Timer:
      - S1499445623.627696,VS0,VE117
      Vary:
      - Authorization,Accept-Encoding
      Access-Control-Allow-Origin:
      - "*"
      X-Fastly-Request-Id:
      - 24416701ae78c7a55d4f3b72957d83c9b17f4347
      Expires:
      - Fri, 07 Jul 2017 16:45:22 GMT
      Source-Age:
      - '0'
    body:
      encoding: UTF-8
      string: '404: Not Found

'
    http_version: 
  recorded_at: Fri, 07 Jul 2017 16:40:22 GMT
- request:
    method: get
    uri: https://raw.githubusercontent.com/csswizardry/csscv/master/LICENSE
    body:
      encoding: US-ASCII
      string: ''
    headers:
      User-Agent:
      - https://www.VersionEye.com - https://twitter.com/VersionEye
      Accept-Encoding:
      - gzip;q=1.0,deflate;q=0.6,identity;q=0.3
      Accept:
      - "*/*"
  response:
    status:
      code: 200
      message: OK
    headers:
      Content-Security-Policy:
      - default-src 'none'; style-src 'unsafe-inline'
      Strict-Transport-Security:
      - max-age=31536000
      X-Content-Type-Options:
      - nosniff
      X-Frame-Options:
      - deny
      X-Xss-Protection:
      - 1; mode=block
      Etag:
      - '"354250af9b3859b07a4de5f073af3ad9c0f8bf29"'
      Content-Type:
      - text/plain; charset=utf-8
      Cache-Control:
      - max-age=300
      X-Geo-Block-List:
      - ''
      X-Github-Request-Id:
      - 2EB8:5AA0:27CF2B5:294D032:595FB976
      Content-Length:
      - '370'
      Accept-Ranges:
      - bytes
      Date:
      - Fri, 07 Jul 2017 16:40:23 GMT
      Via:
      - 1.1 varnish
      Connection:
      - keep-alive
      X-Served-By:
      - cache-hhn1525-HHN
      X-Cache:
      - MISS
      X-Cache-Hits:
      - '0'
      X-Timer:
      - S1499445623.907817,VS0,VE120
      Vary:
      - Authorization,Accept-Encoding
      Access-Control-Allow-Origin:
      - "*"
      X-Fastly-Request-Id:
      - 551e56e14d7a39ef5d5a08a58b0e47713d96399f
      Expires:
      - Fri, 07 Jul 2017 16:45:23 GMT
      Source-Age:
      - '0'
    body:
      encoding: ASCII-8BIT
      string: |
        Copyright 2013 Harry Roberts

        Licensed under the Apache License, Version 2.0 (the "License");
        you may not use this file except in compliance with the License.
        You may obtain a copy of the License at

        http://apache.org/licenses/LICENSE-2.0

        Unless required by applicable law or agreed to in writing, software
        distributed under the License is distributed on an "AS IS" BASIS,
        WITHOUT WARRANTIES OR CONDITIONS OF ANY KIND, either express or implied.
        See the License for the specific language governing permissions and
        limitations under the License.
    http_version: 
  recorded_at: Fri, 07 Jul 2017 16:40:23 GMT
recorded_with: VCR 3.0.3
